Welcome to Not Another Ticket Master
To log in type login:
Enter Username:
Login successful
Enter a command (logout, addcredit, createaccount, deleteaccount, buy, sell, refund)
Enter Username:
Invalid input.
Enter a command (logout, addcredit, createaccount, deleteaccount, buy, sell, refund)
