Welcome to Not Another Ticket Master
To log in type login:
Enter Username:
Login successful
Enter a command (logout, addcredit, createaccount, deleteaccount, buy, sell, refund)
Enter Username to delete:
Can not delete current user logged in
Enter a command (logout, addcredit, createaccount, deleteaccount, buy, sell, refund)
