Welcome to Not Another Ticket Master
To log in type login:
Enter Username:
Login successful
Enter a command (logout, addcredit, createaccount, deleteaccount, buy, sell, refund)
Enter Username to delete:
Deletion successful
Enter a command (logout, addcredit, createaccount, deleteaccount, buy, sell, refund)
Enter event title: 
Enter the seller's username:
Ticket not found
Enter a command (logout, addcredit, createaccount, deleteaccount, buy, sell, refund)