Welcome to Not Another Ticket Master
To log in type login:
To log in type login: 