05 username2       username3       000200.00
00 admin1          AA 001500.00