Concert1            username4     030 050.00
Concert2            username1     079 250.00
Concert3            username3     100 300.00
Raptors vs Bucks    username1	  058 038.00
END 