Welcome to Not Another Ticket Master
To log in type login:
Enter Username:
Login successful
Enter a command (logout, addcredit, createaccount, deleteaccount, buy, sell, refund)
What is the name of your event: 
What is the price of your tickets: 