Welcome to Not Another Ticket Master
To log in type login:
Enter Username:
Login successful
Enter a command (logout, addcredit, createaccount, deleteaccount, buy, sell, refund)
What is the name of your event: 
What is the price of your tickets: 
What is the amount of tickets: 
Ticket will be available after logout
Enter a command (logout, addcredit, createaccount, deleteaccount, buy, sell, refund)
Logout successful
To log in type login:
Enter Username:
Login successful
Enter a command (logout, addcredit, createaccount, deleteaccount, buy, sell, refund)
Enter event title:
Enter the seller's username:
Enter number of tickets: 
Single ticket: $15.00 | Total price is: $15.00. Confirm yes/no: 
Ticket purchased.
Enter a command (logout, addcredit, createaccount, deleteaccount, buy, sell, refund)